// Jest Snapshot v1, https://goo.gl/fbAQLP

exports[`rate text 1`] = `
<p>
   Rate: 
</p>
`;
